0.300167051381 0.199995216844 
2
2
2
2
0.250000000000
